Log created: 2026-05-16T15:46:29.404909600Z
Process ID:  6408 (0x1908)
Parent PID:  22920 (0x5988)
Executable:  C:\Program Files\Oracle\VirtualBox\VirtualBoxVM.exe
Commandline: 60eaff78-4bdd-042d-2e72-669728efd737-suplib-3rdchild --comment "win 7" --startvm ad36755d-04e0-4753-9a49-aa33226da1fb --no-startvm-errormsgbox "--sup-hardening-log=C:\Users\gusta\VirtualBox VMs\win 7\Logs\VBoxHardening.log"
E1000 #0: port=d010 mmio=00000000f0200000 mac-cfg=08:00:27:bd:40:69 82540EM
General registers ------------------------------------------------------------------
   CTRL=40000249  STATUS=00000083    EECD=00000140    EERD=00000000  LEDCTL=07068302
    FLA=00000000    MDIC=18350000                                  CTRL_EXT=00000000
   FCAL=00000000    FCAH=00000000     FCT=00000000     VET=00008100   FCTTV=00000000
    PBA=00000000    TXCW=00000000    RXCW=00000000              EXTCNF_CTRL=00000000
Interrupt registers ----------------------------------------------------------------
    ICR=00000000     ITR=00000000     ICS=00000000     IMS=0000009d     IMC=00000000
Receive registers ------------------------------------------------------------------
   RCTL=00048002  PSRCTL=00040402   FCRTL=00000000   FCRTH=00000000  RXDCTL=00000000
  RDBAL=1e3b9000   RDBAH=00000001   RDLEN=00001000     RDH=000000a6     RDT=000000a5
   RDTR=00000000    RADV=00000000   RSRPD=00000000  RXCSUM=00000300   RFCTL=00000000
Transmit registers -----------------------------------------------------------------
   TCTL=0004010a    TIPG=00602008    AIFS=00000000
  TDBAL=1e535000   TDBAH=00000001   TDLEN=00002000     TDH=0000004f     TDT=0000004f
   TIDV=0000001c  TXDMAC=00000000  TXDCTL=01010000    TADV=00000000   TSPMT=01000400
Management registers ---------------------------------------------------------------
    WUC=00000000    WUFC=00000000     WUS=00000000
   IPAV=00000000    MANC=00000000    WUPL=00000000
Statistics registers ---------------------------------------------------------------
CRCERRS=00000000                 ALGNERRC=00000000 SYMERRS=00000000  RXERRC=00000000 
    MPC=00000000     SCC=00000000    ECOL=00000000
    MCC=00000000 LATECOL=00000000    COLC=00000000
     DC=00000000   TNCRS=00000000     SEC=00000000 CEXTERR=00000000    RLEC=00000000
 XONRXC=00000000  XONTXC=00000000 XOFFRXC=00000000 XOFFTXC=00000000   FCRUC=00000000
  PRC64=000000ed  PRC127=00000084  PRC255=0000002e
 PRC511=00000003 PRC1023=00000002 PRC1522=00000002
   GPRC=0000004f    BPRC=00000000    MPRC=00000000    GPTC=00000051
  GORCL=00001896   GORCH=00000000   GOTCL=00001976   GOTCH=00000000    RNBC=00000000
    RUC=00000000     RFC=00000000     ROC=00000000     RJC=00000000
 MGTPRC=00000000  MGTPDC=00000000  MGTPTC=00000000     TPR=00000000     TPT=00000000
   TORL=00000000    TORH=00000000    TOTL=00000000    TOTH=00000000
  PTC64=0000000e  PTC127=000001d0  PTC255=0000001f
 PTC511=00000006 PTC1023=00000001 PTC1522=00000000
   MPTC=00000000    BPTC=00000000   TSCTC=00000000  TSCTFC=00000000
Diagnostic registers ---------------------------------------------------------------
   RDFH=00000000    RDFT=00000000   RDFHS=00000000   RDFTS=00000000   RDFPC=00000000
   TDFH=00000000    TDFT=00000000   TDFHS=00000000   TDFTS=00000000   TDFPC=00000000

RA00: DST 08:00:27:bd:40:69
RA01: DST 33:33:00:00:00:01
RA02: DST 01:00:5e:00:00:01
RA03: DST 33:33:00:01:00:03
RA04: DST 33:33:00:00:00:0c
RA05: DST 33:33:ff:83:31:b3
RA06: DST 01:00:5e:7f:ff:fa
RA07: DST 01:00:5e:00:00:fc
RA08: DST 33:33:ff:88:74:fc

PHY registers ----------------------------------------------------------------------
    PCTRL=1340  PSTATUS=796d      PID=0141     EPID=0c24      ANA=01e1      LPA=01e0
      ANE=0000      NPT=2001      LPN=0000     GCON=1e00  GSTATUS=0000 EPSTATUS=3000
    PSCON=0868   PSSTAT=bc08    PINTE=0000    PINTS=0000  EPSCON1=0d60     PREC=0000
  EPSCON2=000c    R30PS=0000    R30AW=0000

PHY MDIO: state=MDIO_IDLE acc=0 cnt=0 addr=0

