Log created: 2026-06-08T23:51:16.259700000Z
Process ID:  7440 (0x1d10)
Parent PID:  22852 (0x5944)
Executable:  C:\Program Files\Oracle\VirtualBox\VirtualBoxVM.exe
Commandline: 60eaff78-4bdd-042d-2e72-669728efd737-suplib-3rdchild --comment win --startvm fedfa77b-e87c-47ad-b1e8-a8c4887f4cc6 --no-startvm-errormsgbox "--sup-hardening-log=C:\Users\gusta\VirtualBox VMs\win\Logs\VBoxHardening.log"
E1000 #0: port=d010 mmio=00000000f0200000 mac-cfg=08:00:27:82:8c:b0 82540EM
General registers ------------------------------------------------------------------
   CTRL=40000249  STATUS=00000083    EECD=00000140    EERD=00000000  LEDCTL=07068302
    FLA=00000000    MDIC=18350000                                  CTRL_EXT=00000000
   FCAL=00000000    FCAH=00000000     FCT=00000000     VET=00008100   FCTTV=00000000
    PBA=00000000    TXCW=00000000    RXCW=00000000              EXTCNF_CTRL=00000000
Interrupt registers ----------------------------------------------------------------
    ICR=00000080     ITR=00000000     ICS=00000000     IMS=0000009d     IMC=00000000
Receive registers ------------------------------------------------------------------
   RCTL=00048002  PSRCTL=00040402   FCRTL=00000000   FCRTH=00000000  RXDCTL=00000000
  RDBAL=0857f000   RDBAH=00000001   RDLEN=00001000     RDH=000000f4     RDT=000000d2
   RDTR=00000000    RADV=00000000   RSRPD=00000000  RXCSUM=00000300   RFCTL=00000000
Transmit registers -----------------------------------------------------------------
   TCTL=0004010a    TIPG=00602008    AIFS=00000000
  TDBAL=086f1000   TDBAH=00000001   TDLEN=00002000     TDH=000000e3     TDT=000000e3
   TIDV=0000001c  TXDMAC=00000000  TXDCTL=01010000    TADV=00000000   TSPMT=01000400
Management registers ---------------------------------------------------------------
    WUC=00000000    WUFC=00000000     WUS=00000000
   IPAV=00000000    MANC=00000000    WUPL=00000000
Statistics registers ---------------------------------------------------------------
CRCERRS=00000000                 ALGNERRC=00000000 SYMERRS=00000000  RXERRC=00000000 
    MPC=00000000     SCC=00000000    ECOL=00000000
    MCC=00000000 LATECOL=00000000    COLC=00000000
     DC=00000000   TNCRS=00000000     SEC=00000000 CEXTERR=00000000    RLEC=00000000
 XONRXC=00000000  XONTXC=00000000 XOFFRXC=00000000 XOFFTXC=00000000   FCRUC=00000000
  PRC64=0000c566  PRC127=00002925  PRC255=00001c6f
 PRC511=00001e40 PRC1023=000009f0 PRC1522=00007cca
   GPRC=00000022    BPRC=00000000    MPRC=00000001    GPTC=00000007
  GORCL=00001b83   GORCH=00000000   GOTCL=00000bc3   GOTCH=00000000    RNBC=00000000
    RUC=00000000     RFC=00000000     ROC=00000000     RJC=00000000
 MGTPRC=00000000  MGTPDC=00000000  MGTPTC=00000000     TPR=0000002e     TPT=00000013
   TORL=00001e4b    TORH=00000000    TOTL=00000f2d    TOTH=00000000
  PTC64=00000000  PTC127=0000a535  PTC255=000018ee
 PTC511=00000bd0 PTC1023=00000d87 PTC1522=00001a21
   MPTC=00000000    BPTC=00000000   TSCTC=000013de  TSCTFC=00000000
Diagnostic registers ---------------------------------------------------------------
   RDFH=00000000    RDFT=00000000   RDFHS=00000000   RDFTS=00000000   RDFPC=00000000
   TDFH=00000000    TDFT=00000000   TDFHS=00000000   TDFTS=00000000   TDFPC=00000000

RA00: DST 08:00:27:82:8c:b0
RA01: DST 33:33:00:00:00:01
RA02: DST 01:00:5e:00:00:01
RA03: DST 33:33:00:01:00:03
RA04: DST 33:33:00:00:00:0c
RA05: DST 33:33:ff:bc:39:8a
RA06: DST 33:33:ff:62:92:b9
RA07: DST 33:33:ff:f0:66:c9
RA08: DST 01:00:5e:7f:ff:fa
RA09: DST 33:33:00:00:00:fb
RA10: DST 01:00:5e:00:00:fb
RA11: DST 01:00:5e:00:00:fc

PHY registers ----------------------------------------------------------------------
    PCTRL=1340  PSTATUS=796d      PID=0141     EPID=0c24      ANA=0de1      LPA=01e0
      ANE=0000      NPT=2001      LPN=0000     GCON=1e00  GSTATUS=0000 EPSTATUS=3000
    PSCON=0868   PSSTAT=bc08    PINTE=0000    PINTS=0000  EPSCON1=0d60     PREC=0000
  EPSCON2=000c    R30PS=0000    R30AW=0000

PHY MDIO: state=MDIO_IDLE acc=0 cnt=0 addr=0

E1000 #1: port=d040 mmio=00000000f0820000 mac-cfg=08:00:27:cb:48:9a 82540EM
General registers ------------------------------------------------------------------
   CTRL=40000249  STATUS=00000083    EECD=00000140    EERD=00000000  LEDCTL=07068302
    FLA=00000000    MDIC=18350000                                  CTRL_EXT=00000000
   FCAL=00000000    FCAH=00000000     FCT=00000000     VET=00008100   FCTTV=00000000
    PBA=00000000    TXCW=00000000    RXCW=00000000              EXTCNF_CTRL=00000000
Interrupt registers ----------------------------------------------------------------
    ICR=00000000     ITR=00000000     ICS=00000000     IMS=0000009d     IMC=00000000
Receive registers ------------------------------------------------------------------
   RCTL=00048002  PSRCTL=00040402   FCRTL=00000000   FCRTH=00000000  RXDCTL=00000000
  RDBAL=05782000   RDBAH=00000001   RDLEN=00001000     RDH=000000ad     RDT=000000a5
   RDTR=00000000    RADV=00000000   RSRPD=00000000  RXCSUM=00000300   RFCTL=00000000
Transmit registers -----------------------------------------------------------------
   TCTL=0004010a    TIPG=00602008    AIFS=00000000
  TDBAL=066e2000   TDBAH=00000001   TDLEN=00002000     TDH=000000f7     TDT=000000f7
   TIDV=0000001c  TXDMAC=00000000  TXDCTL=01010000    TADV=00000000   TSPMT=01000400
Management registers ---------------------------------------------------------------
    WUC=00000000    WUFC=00000000     WUS=00000000
   IPAV=00000000    MANC=00000000    WUPL=00000000
Statistics registers ---------------------------------------------------------------
CRCERRS=00000000                 ALGNERRC=00000000 SYMERRS=00000000  RXERRC=00000000 
    MPC=00000000     SCC=00000000    ECOL=00000000
    MCC=00000000 LATECOL=00000000    COLC=00000000
     DC=00000000   TNCRS=00000000     SEC=00000000 CEXTERR=00000000    RLEC=00000000
 XONRXC=00000000  XONTXC=00000000 XOFFRXC=00000000 XOFFTXC=00000000   FCRUC=00000000
  PRC64=00000028  PRC127=00000058  PRC255=00000025
 PRC511=00000005 PRC1023=00000000 PRC1522=00000003
   GPRC=00000000    BPRC=00000000    MPRC=00000000    GPTC=00000000
  GORCL=00000000   GORCH=00000000   GOTCL=00000000   GOTCH=00000000    RNBC=00000000
    RUC=00000000     RFC=00000000     ROC=00000000     RJC=00000000
 MGTPRC=00000000  MGTPDC=00000000  MGTPTC=00000000     TPR=00000000     TPT=00000000
   TORL=00000000    TORH=00000000    TOTL=00000000    TOTH=00000000
  PTC64=00000000  PTC127=00000055  PTC255=00000019
 PTC511=0000000d PTC1023=00000006 PTC1522=00000011
   MPTC=00000000    BPTC=00000000   TSCTC=0000000d  TSCTFC=00000000
Diagnostic registers ---------------------------------------------------------------
   RDFH=00000000    RDFT=00000000   RDFHS=00000000   RDFTS=00000000   RDFPC=00000000
   TDFH=00000000    TDFT=00000000   TDFHS=00000000   TDFTS=00000000   TDFPC=00000000

RA00: DST 08:00:27:cb:48:9a
RA01: DST 33:33:00:00:00:01
RA02: DST 01:00:5e:00:00:01
RA03: DST 33:33:00:01:00:03
RA04: DST 33:33:00:00:00:0c
RA05: DST 33:33:ff:88:9b:a4
RA06: DST 01:00:5e:7f:ff:fa
RA07: DST 33:33:00:00:00:fb
RA08: DST 01:00:5e:00:00:fb
RA09: DST 01:00:5e:00:00:fc

PHY registers ----------------------------------------------------------------------
    PCTRL=1340  PSTATUS=796d      PID=0141     EPID=0c24      ANA=0de1      LPA=01e0
      ANE=0000      NPT=2001      LPN=0000     GCON=1e00  GSTATUS=0000 EPSTATUS=3000
    PSCON=0868   PSSTAT=bc08    PINTE=0000    PINTS=0000  EPSCON1=0d60     PREC=0000
  EPSCON2=000c    R30PS=0000    R30AW=0000

PHY MDIO: state=MDIO_IDLE acc=0 cnt=0 addr=0

